Application     I:\Dondre\Projects2\Labour force CSPro\LabourForce\Coding\CoderMenu.ent
Type            ENTRY
Input Data      <<Empty>>
External        LABOURFORCE_DICT=<<CSPro DB>> I:\Dondre\Projects2\Labour force CSPro\LabourForce\Data\data.csdb
<File>          LOGINFILE=
<File>          PFFFILE=

Date            Nov 28, 2018
Start Time      16:04:26
End Time        16:05:29

CSPRO Process Summary

CSPRO Executor Normal End
--------------------------------------------------------------------------------
Application     I:\Dondre\Projects2\Labour force CSPro\LabourForce\Coding\CoderMenu.ent
Type            ENTRY
Input Data      <<Empty>>
External        LABOURFORCE_DICT=<<CSPro DB>> I:\Dondre\Projects2\Labour force CSPro\LabourForce\Data\data.csdb
<File>          LOGINFILE=
<File>          PFFFILE=

Date            Nov 28, 2018
Start Time      16:06:31
End Time        16:06:51

CSPRO Process Summary

CSPRO Executor Normal End
--------------------------------------------------------------------------------
Application     I:\Dondre\Projects2\Labour force CSPro\LabourForce\Coding\CoderMenu.ent
Type            ENTRY
Input Data      <<Empty>>
External        LABOURFORCE_DICT=<<CSPro DB>> I:\Dondre\Projects2\Labour force CSPro\LabourForce\Data\data.csdb
<File>          LOGINFILE=
<File>          PFFFILE=

Date            Nov 28, 2018
Start Time      16:09:28
End Time        16:10:06

CSPRO Process Summary

CSPRO Executor Normal End
--------------------------------------------------------------------------------
Application     I:\Dondre\Projects2\Labour force CSPro\LabourForce\Coding\CoderMenu.ent
Type            ENTRY
Input Data      <<Empty>>
External        LABOURFORCE_DICT=<<CSPro DB>> I:\Dondre\Projects2\Labour force CSPro\LabourForce\Data\data.csdb
<File>          LOGINFILE=
<File>          PFFFILE=

Date            Nov 28, 2018
Start Time      16:18:01
End Time        16:18:57

CSPRO Process Summary

CSPRO Executor Normal End
--------------------------------------------------------------------------------
Application     I:\Dondre\Projects2\Labour force CSPro\LabourForce\Coding\CoderMenu.ent
Type            ENTRY
Input Data      <<Empty>>
External        LABOURFORCE_DICT=<<CSPro DB>> I:\Dondre\Projects2\Labour force CSPro\LabourForce\Data\data.csdb
<File>          LOGINFILE=
<File>          PFFFILE=

Date            Nov 28, 2018
Start Time      16:19:58
End Time        16:20:50

CSPRO Process Summary

CSPRO Executor Normal End
--------------------------------------------------------------------------------
Application     I:\Dondre\Projects2\Labour force CSPro\LabourForce\Coding\CoderMenu.ent
Type            ENTRY
Input Data      <<Empty>>
External        LABOURFORCE_DICT=<<CSPro DB>> I:\Dondre\Projects2\Labour force CSPro\LabourForce\Data\data.csdb
<File>          LOGINFILE=
<File>          PFFFILE=

Date            Nov 28, 2018
Start Time      16:22:04
End Time        16:24:11

CSPRO Process Summary

CSPRO Executor Normal End
--------------------------------------------------------------------------------
Application     I:\Dondre\Projects2\Labour force CSPro\LabourForce\Coding\CoderMenu.ent
Type            ENTRY
Input Data      <<Empty>>
External        LABOURFORCE_DICT=<<CSPro DB>> I:\Dondre\Projects2\Labour force CSPro\LabourForce\Data\data.csdb
<File>          LOGINFILE=
<File>          PFFFILE=

Date            Nov 28, 2018
Start Time      16:25:42
End Time        16:26:34

CSPRO Process Summary

CSPRO Executor Normal End
--------------------------------------------------------------------------------
Application     I:\Dondre\Projects2\Labour force CSPro\LabourForce\Coding\CoderMenu.ent
Type            ENTRY
Input Data      <<Empty>>
External        LABOURFORCE_DICT=<<CSPro DB>> I:\Dondre\Projects2\Labour force CSPro\LabourForce\Data\data.csdb
<File>          LOGINFILE=
<File>          PFFFILE=

Date            Nov 28, 2018
Start Time      16:26:40
End Time        16:28:05

CSPRO Process Summary

CSPRO Executor Normal End
--------------------------------------------------------------------------------
Application     I:\Dondre\Projects2\Labour force CSPro\LabourForce\Coding\CoderMenu.ent
Type            ENTRY
Input Data      <<Empty>>
External        LABOURFORCE_DICT=<<CSPro DB>> I:\Dondre\Projects2\Labour force CSPro\LabourForce\Data\data.csdb
<File>          LOGINFILE=
<File>          PFFFILE=

Date            Nov 28, 2018
Start Time      16:28:11
End Time        16:28:29

CSPRO Process Summary

CSPRO Executor Normal End
--------------------------------------------------------------------------------
Application     I:\Dondre\Projects2\Labour force CSPro\LabourForce\Coding\CoderMenu.ent
Type            ENTRY
Input Data      <<Empty>>
External        LABOURFORCE_DICT=<<CSPro DB>> I:\Dondre\Projects2\Labour force CSPro\LabourForce\Data\data.csdb
<File>          LOGINFILE=
<File>          PFFFILE=

Date            Nov 28, 2018
Start Time      16:30:05
End Time        16:32:35

CSPRO Process Summary

CSPRO Executor Normal End
--------------------------------------------------------------------------------
Application     C:\Users\dondr\OneDrive\Documents\GitHub\LabourForce\Coding\CoderMenu.ent
Type            ENTRY
Input Data      <<Empty>>
External        LABOURFORCE_DICT=<<CSPro DB>> C:\Users\dondr\OneDrive\Documents\GitHub\LabourForce\Data\data.csdb
<File>          LOGINFILE=
<File>          PFFFILE=

Date            Nov 28, 2018
Start Time      21:01:31
End Time        21:02:07

CSPRO Process Summary

CSPRO Executor Normal End
--------------------------------------------------------------------------------
Application     C:\Users\dondr\OneDrive\Documents\GitHub\LabourForce\Coding\CoderMenu.ent
Type            ENTRY
Input Data      <<Empty>>
External        LABOURFORCE_DICT=<<CSPro DB>> C:\Users\dondr\OneDrive\Documents\GitHub\LabourForce\Data\Labourforce.csdb
<File>          LOGINFILE=
<File>          PFFFILE=

Date            Nov 28, 2018
Start Time      21:04:21
End Time        21:04:37

CSPRO Process Summary

CSPRO Executor Normal End
--------------------------------------------------------------------------------
Application     C:\Users\dondr\OneDrive\Documents\GitHub\LabourForce\Coding\CoderMenu.ent
Type            ENTRY
Input Data      <<Empty>>
External        LABOURFORCE_DICT=<<CSPro DB>> C:\Users\dondr\OneDrive\Documents\GitHub\LabourForce\Data\data.csdb
<File>          LOGINFILE=
<File>          PFFFILE=

Date            Nov 28, 2018
Start Time      21:26:14
End Time        21:26:47

CSPRO Process Summary

User unnumbered messages:

   Line    Freq  Pct.  Message text                                        Denom
   ----    ----  ----  ------------                                        -----
     61       1    -   Attempting to download all data from Round :%d, E       -
     72       1    -   Download of round %d, ED %d failed, Please try ag       -

CSPRO Executor Normal End
--------------------------------------------------------------------------------
Application     C:\Users\dondr\OneDrive\Documents\GitHub\LabourForce\Coding\CoderMenu.ent
Type            ENTRY
Input Data      <<Empty>>
External        LABOURFORCE_DICT=<<CSPro DB>> C:\Users\dondr\OneDrive\Documents\GitHub\LabourForce\Data\data.csdb
<File>          LOGINFILE=
<File>          PFFFILE=

Date            Nov 28, 2018
Start Time      21:27:52
End Time        21:33:27

CSPRO Process Summary

User unnumbered messages:

   Line    Freq  Pct.  Message text                                        Denom
   ----    ----  ----  ------------                                        -----
     60       1    -   Attempting to download all data from Round :%d, E       -
     71       1    -   Download of round %d, ED %d failed, Please try ag       -

CSPRO Executor Normal End
--------------------------------------------------------------------------------
Application     C:\Users\dondr\OneDrive\Documents\GitHub\LabourForce\Coding\CoderMenu.ent
Type            ENTRY
Input Data      <<Empty>>
External        LABOURFORCE_DICT=<<CSPro DB>> C:\Users\dondr\OneDrive\Documents\GitHub\LabourForce\Data\data.csdb
<File>          LOGINFILE=
<File>          PFFFILE=

Date            Nov 28, 2018
Start Time      21:35:21
End Time        21:35:47

CSPRO Process Summary

CSPRO Executor Normal End
--------------------------------------------------------------------------------
Application     C:\Users\dondr\OneDrive\Documents\GitHub\LabourForce\Coding\CoderMenu.ent
Type            ENTRY
Input Data      <<Empty>>
External        LABOURFORCE_DICT=<<CSPro DB>> C:\Users\dondr\OneDrive\Documents\GitHub\LabourForce\Data\data.csdb
<File>          LOGINFILE=
<File>          PFFFILE=

Date            Nov 28, 2018
Start Time      21:37:59
End Time        21:51:03

CSPRO Process Summary

User unnumbered messages:

   Line    Freq  Pct.  Message text                                        Denom
   ----    ----  ----  ------------                                        -----
     60       1    -   Attempting to download all data from Round :%d, E       -
     71       1    -   Download of round %d, ED %d failed, Please try ag       -

CSPRO Executor Normal End
--------------------------------------------------------------------------------
Application     C:\Users\dondr\OneDrive\Documents\GitHub\LabourForce\Coding\CoderMenu.ent
Type            ENTRY
Input Data      <<Empty>>
External        LABOURFORCE_DICT=<<CSPro DB>> C:\Users\dondr\OneDrive\Documents\GitHub\LabourForce\Data\data.csdb
<File>          LOGINFILE=
<File>          PFFFILE=

Date            Nov 29, 2018
Start Time      06:43:53
End Time        06:44:34

CSPRO Process Summary

CSPRO Executor Normal End
--------------------------------------------------------------------------------
Application     C:\Users\dondr\OneDrive\Documents\GitHub\LabourForce\Coding\CoderMenu.ent
Type            ENTRY
Input Data      <<Empty>>
External        LABOURFORCE_DICT=<<CSPro DB>> C:\Users\dondr\OneDrive\Documents\GitHub\LabourForce\Data\data.csdb
<File>          LOGINFILE=
<File>          PFFFILE=

Date            Nov 29, 2018
Start Time      06:46:24
End Time        08:15:32

CSPRO Process Summary

CSPRO Executor Normal End
--------------------------------------------------------------------------------
Application     C:\Users\dondr\OneDrive\Documents\GitHub\LabourForce\Coding\CoderMenu.ent
Type            ENTRY
Input Data      <<Empty>>
External        LABOURFORCE_DICT=<<CSPro DB>> C:\Users\dondr\OneDrive\Documents\GitHub\LabourForce\Data\data.csdb
<File>          LOGINFILE=
<File>          PFFFILE=

Date            Nov 29, 2018
Start Time      20:46:42
End Time        20:46:45

CSPRO Process Summary

CSPRO Executor Normal End
--------------------------------------------------------------------------------
Application     C:\Users\dondr\OneDrive\Documents\GitHub\LabourForce\Coding\CoderMenu.ent
Type            ENTRY
Input Data      <<Empty>>
External        LABOURFORCE_DICT=<<CSPro DB>> C:\Users\dondr\OneDrive\Documents\GitHub\LabourForce\Data\data.csdb
<File>          LOGINFILE=
<File>          PFFFILE=

Date            Nov 29, 2018
Start Time      20:47:41
End Time        20:47:46

CSPRO Process Summary

CSPRO Executor Normal End
--------------------------------------------------------------------------------
Application     C:\Users\dondr\OneDrive\Documents\GitHub\LabourForce\Coding\CoderMenu.ent
Type            ENTRY
Input Data      <<Empty>>
External        LABOURFORCE_DICT=<<CSPro DB>> C:\Users\dondr\OneDrive\Documents\GitHub\LabourForce\Data\data.csdb
<File>          LOGINFILE=
<File>          PFFFILE=

Date            Nov 29, 2018
Start Time      20:48:11
End Time        20:48:54

CSPRO Process Summary

CSPRO Executor Normal End
--------------------------------------------------------------------------------
Application     C:\Users\dondr\OneDrive\Documents\GitHub\LabourForce\Coding\CoderMenu.ent
Type            ENTRY
Input Data      <<Empty>>
External        LABOURFORCE_DICT=<<CSPro DB>> C:\Users\dondr\OneDrive\Documents\GitHub\LabourForce\Data\data.csdb
<File>          LOGINFILE=
<File>          PFFFILE=

Date            Nov 29, 2018
Start Time      20:49:18
End Time        20:49:20

CSPRO Process Summary

CSPRO Executor Normal End
--------------------------------------------------------------------------------
Application     C:\Users\dondr\OneDrive\Documents\GitHub\LabourForce\Coding\CoderMenu.ent
Type            ENTRY
Input Data      <<Empty>>
External        LABOURFORCE_DICT=<<CSPro DB>> C:\Users\dondr\OneDrive\Documents\GitHub\LabourForce\Data\data.csdb
<File>          LOGINFILE=
<File>          PFFFILE=

Date            Nov 29, 2018
Start Time      21:20:06
End Time        21:20:22

CSPRO Process Summary

User unnumbered messages:

   Line    Freq  Pct.  Message text                                        Denom
   ----    ----  ----  ------------                                        -----
     88       1    -   %s                                                      -

CSPRO Executor Normal End
--------------------------------------------------------------------------------
Application     C:\Users\dondr\OneDrive\Documents\GitHub\LabourForce\Coding\CoderMenu.ent
Type            ENTRY
Input Data      <<Empty>>
External        LABOURFORCE_DICT=<<CSPro DB>> C:\Users\dondr\OneDrive\Documents\GitHub\LabourForce\Data\data.csdb
<File>          LOGINFILE=
<File>          PFFFILE=

Date            Nov 29, 2018
Start Time      21:36:58
End Time        21:37:23

CSPRO Process Summary

User unnumbered messages:

   Line    Freq  Pct.  Message text                                        Denom
   ----    ----  ----  ------------                                        -----
     88       1    -   %s                                                      -
     89       1    -   %s                                                      -

CSPRO Executor Normal End
--------------------------------------------------------------------------------
Application     C:\Users\dondr\OneDrive\Documents\GitHub\LabourForce\Coding\CoderMenu.ent
Type            ENTRY
Input Data      <<Empty>>
External        LABOURFORCE_DICT=<<CSPro DB>> C:\Users\dondr\OneDrive\Documents\GitHub\LabourForce\Data\data.csdb
<File>          LOGINFILE=
<File>          PFFFILE=

Date            Nov 29, 2018
Start Time      21:39:09
End Time        21:39:29

CSPRO Process Summary

User unnumbered messages:

   Line    Freq  Pct.  Message text                                        Denom
   ----    ----  ----  ------------                                        -----
     88       1    -   %s                                                      -
     89       1    -   %s                                                      -

CSPRO Executor Normal End
--------------------------------------------------------------------------------
Application     C:\Users\dondr\OneDrive\Documents\GitHub\LabourForce\Coding\CoderMenu.ent
Type            ENTRY
Input Data      <<Empty>>
External        LABOURFORCE_DICT=<<CSPro DB>> C:\Users\dondr\OneDrive\Documents\GitHub\LabourForce\Data\data.csdb
<File>          LOGINFILE=
<File>          PFFFILE=

Date            Nov 29, 2018
Start Time      21:52:32
End Time        21:52:36

CSPRO Process Summary

CSPRO Executor Normal End
--------------------------------------------------------------------------------
Application     C:\Users\dondr\OneDrive\Documents\GitHub\LabourForce\Coding\CoderMenu.ent
Type            ENTRY
Input Data      <<Empty>>
External        LABOURFORCE_DICT=<<CSPro DB>> C:\Users\dondr\OneDrive\Documents\GitHub\LabourForce\Data\data.csdb
<File>          LOGINFILE=
<File>          PFFFILE=

Date            Nov 29, 2018
Start Time      22:03:26
End Time        22:03:53

CSPRO Process Summary

User unnumbered messages:

   Line    Freq  Pct.  Message text                                        Denom
   ----    ----  ----  ------------                                        -----
    101       1    -   Upload of round %d, ED %d failed, Please try agai       -

CSPRO Executor Normal End
--------------------------------------------------------------------------------
Application     C:\Users\dondr\OneDrive\Documents\GitHub\LabourForce\Coding\CoderMenu.ent
Type            ENTRY
Input Data      <<Empty>>
External        LABOURFORCE_DICT=<<CSPro DB>> C:\Users\dondr\OneDrive\Documents\GitHub\LabourForce\Data\data.csdb
<File>          LOGINFILE=
<File>          PFFFILE=

Date            Nov 29, 2018
Start Time      22:06:19
End Time        22:07:09

CSPRO Process Summary

CSPRO Executor Normal End
--------------------------------------------------------------------------------
Application     C:\Users\dondr\OneDrive\Documents\GitHub\LabourForce\Coding\CoderMenu.ent
Type            ENTRY
Input Data      <<Empty>>
External        LABOURFORCE_DICT=<<CSPro DB>> C:\Users\dondr\OneDrive\Documents\GitHub\LabourForce\Data\data.csdb
<File>          LOGINFILE=
<File>          PFFFILE=

Date            Nov 29, 2018
Start Time      22:08:35
End Time        22:08:38

CSPRO Process Summary

CSPRO Executor Normal End
--------------------------------------------------------------------------------
Application     C:\Users\dondr\OneDrive\Documents\GitHub\LabourForce\Coding\CoderMenu.ent
Type            ENTRY
Input Data      <<Empty>>
External        LABOURFORCE_DICT=<<CSPro DB>> C:\Users\dondr\OneDrive\Documents\GitHub\LabourForce\Data\data.csdb
<File>          LOGINFILE=
<File>          PFFFILE=

Date            Nov 29, 2018
Start Time      22:08:44
End Time        22:08:47

CSPRO Process Summary

CSPRO Executor Normal End
--------------------------------------------------------------------------------
Application     C:\Users\dondr\OneDrive\Documents\GitHub\LabourForce\Coding\CoderMenu.ent
Type            ENTRY
Input Data      <<Empty>>
External        LABOURFORCE_DICT=<<CSPro DB>> C:\Users\dondr\OneDrive\Documents\GitHub\LabourForce\Data\data.csdb
<File>          LOGINFILE=
<File>          PFFFILE=

Date            Nov 29, 2018
Start Time      22:10:19
End Time        22:10:34

CSPRO Process Summary

User unnumbered messages:

   Line    Freq  Pct.  Message text                                        Denom
   ----    ----  ----  ------------                                        -----
    101       1    -   Upload of round %d, ED %d failed, Please try agai       -

CSPRO Executor Normal End
--------------------------------------------------------------------------------
Application     C:\Users\dondr\OneDrive\Documents\GitHub\LabourForce\Coding\CoderMenu.ent
Type            ENTRY
Input Data      <<Empty>>
External        LABOURFORCE_DICT=<<CSPro DB>> C:\Users\dondr\OneDrive\Documents\GitHub\LabourForce\Data\data.csdb
<File>          LOGINFILE=
<File>          PFFFILE=

Date            Nov 29, 2018
Start Time      22:10:41
End Time        22:10:44

CSPRO Process Summary

CSPRO Executor Normal End
--------------------------------------------------------------------------------
Application     C:\Users\dondr\OneDrive\Documents\GitHub\LabourForce\Coding\CoderMenu.ent
Type            ENTRY
Input Data      <<Empty>>
External        LABOURFORCE_DICT=<<CSPro DB>> C:\Users\dondr\OneDrive\Documents\GitHub\LabourForce\Data\data.csdb
<File>          LOGINFILE=
<File>          PFFFILE=

Date            Nov 29, 2018
Start Time      22:13:37
End Time        22:13:41

CSPRO Process Summary

CSPRO Executor Normal End
--------------------------------------------------------------------------------
Application     C:\Users\dondr\OneDrive\Documents\GitHub\LabourForce\Coding\CoderMenu.ent
Type            ENTRY
Input Data      <<Empty>>
External        LABOURFORCE_DICT=<<CSPro DB>> C:\Users\dondr\OneDrive\Documents\GitHub\LabourForce\Data\data.csdb
<File>          LOGINFILE=
<File>          PFFFILE=

Date            Nov 29, 2018
Start Time      22:13:54
End Time        22:14:49

CSPRO Process Summary

User unnumbered messages:

   Line    Freq  Pct.  Message text                                        Denom
   ----    ----  ----  ------------                                        -----
     62       1    -   Attempting to download all data from Round :%d, E       -
     73       1    -   Download of round %d, ED %d failed, Please try ag       -
    101       1    -   Upload of round %d, ED %d failed, Please try agai       -

CSPRO Executor Normal End
--------------------------------------------------------------------------------
Application     C:\Users\dondr\OneDrive\Documents\GitHub\LabourForce\Coding\CoderMenu.ent
Type            ENTRY
Input Data      <<Empty>>
External        LABOURFORCE_DICT=<<CSPro DB>> C:\Users\dondr\OneDrive\Documents\GitHub\LabourForce\Data\data.csdb
<File>          LOGINFILE=
<File>          PFFFILE=

Date            Nov 29, 2018
Start Time      22:20:59
End Time        22:21:29

CSPRO Process Summary

User unnumbered messages:

   Line    Freq  Pct.  Message text                                        Denom
   ----    ----  ----  ------------                                        -----
    101       1    -   Upload of round %d, ED %d failed, Please try agai       -

CSPRO Executor Normal End
--------------------------------------------------------------------------------
