Application     I:\Dondre\Projects2\Labour force CSPro\LabourForce\Batch Edit\LabourforceBatch.bch
Type            BATCH
Input Data      <<CSPro DB>> I:\Dondre\Projects2\Labour force CSPro\LabourForce\Batch Edit\Labourforce.csdb                                                                                                                                                                                                                 
<Output>        <<CSPro DB>> I:\Dondre\Projects2\Labour force CSPro\LabourForce\Batch Edit\Labourforce-edited.csdb                                                                                                                                                                                                          

Date            Feb 26, 2019
Start Time      13:32:33
End Time        13:32:36

CSPRO Process Summary
          +-----------------------------------------------------+
          |    5206 Records Read ( 100% of input file)          |
          |       0 Ignored (       0 unknown,        0 erased) |
          |       0 Messages (       0 U,       0 W,       0 E) |
          +---------+--------------+--------------+-------------+
          |  Level  |  Input Case  |  Bad Struct  |  Level Post |
          +---------+--------------+--------------+-------------+
          |     1   |       1933   |          0   |       1890  |
          +---------+--------------+--------------+-------------+                                                     
                                                                                
                                                                                
                                                                                

Process Messages

User unnumbered messages:

   Line    Freq  Pct.  Message text                                        Denom
   ----    ----  ----  ------------                                        -----
     27       6   0.3  ID fields are empty. Deleting case                   1933
     39      28   1.5  Household fields are empty. Deleting case            1918
    107     489  25.4  Person record inserted to vacant household           1927
    114       9   0.5  Delete flag is set. Deleting case                    1927

CSPRO Executor Normal End
--------------------------------------------------------------------------------
