Application     I:\Dondre\Projects2\Labour force CSPro\LabourForce\Allocation\Allocation.ent
Type            ENTRY
Input Data      <<CSPro DB>> I:\Dondre\Projects2\Labour force CSPro\LabourForce\Data\assignments.csdb

Date            Mar  4, 2019
Start Time      11:56:50
End Time        11:57:31

CSPRO Process Summary

CSPRO Executor Normal End
--------------------------------------------------------------------------------
Application     I:\Dondre\Projects2\Labour force CSPro\LabourForce\Allocation\Allocation.ent
Type            ENTRY
Input Data      <<CSPro DB>> I:\Dondre\Projects2\Labour force CSPro\LabourForce\Data\assignments.csdb

Date            Mar  4, 2019
Start Time      12:37:15
End Time        12:37:36

CSPRO Process Summary

CSPRO Executor Normal End
--------------------------------------------------------------------------------
Application     I:\Dondre\Projects2\Labour force CSPro\LabourForce\Allocation\Allocation.ent
Type            ENTRY
Input Data      <<CSPro DB>> I:\Dondre\Projects2\Labour force CSPro\LabourForce\Data\assignments.csdb

Date            Mar  4, 2019
Start Time      12:39:40
End Time        12:40:04

CSPRO Process Summary

System messages:

 Number    Frequency   Message text
 ------    ---------   ------------
   1010            1   Application error: protected field %n out of rang

CSPRO Executor Normal End
--------------------------------------------------------------------------------
Application     I:\Dondre\Projects2\Labour force CSPro\LabourForce\Allocation\Allocation.ent
Type            ENTRY
Input Data      <<CSPro DB>> I:\Dondre\Projects2\Labour force CSPro\LabourForce\Data\assignments.csdb

Date            Mar  4, 2019
Start Time      16:13:40
End Time        16:13:55

CSPRO Process Summary

CSPRO Executor Normal End
--------------------------------------------------------------------------------
Application     I:\Dondre\Projects2\Labour force CSPro\LabourForce\Allocation\Allocation.ent
Type            ENTRY
Input Data      <<CSPro DB>> I:\Dondre\Projects2\Labour force CSPro\LabourForce\Data\assignments.csdb

Date            Mar  5, 2019
Start Time      09:38:51
End Time        09:39:00

CSPRO Process Summary

System messages:

 Number    Frequency   Message text
 ------    ---------   ------------
   1010            1   Application error: protected field %n out of rang

CSPRO Executor Normal End
--------------------------------------------------------------------------------
Application     I:\Dondre\Projects2\Labour force CSPro\LabourForce\Allocation\Allocation.ent
Type            ENTRY
Input Data      <<CSPro DB>> I:\Dondre\Projects2\Labour force CSPro\LabourForce\Data\assignments.csdb

Date            Mar  5, 2019
Start Time      09:42:29
End Time        09:44:00

CSPRO Process Summary

CSPRO Executor Normal End
--------------------------------------------------------------------------------
Application     I:\Dondre\Projects2\Labour force CSPro\LabourForce\Allocation\Allocation.ent
Type            ENTRY
Input Data      <<CSPro DB>> I:\Dondre\Projects2\Labour force CSPro\LabourForce\Data\assignments.csdb

Date            Mar  5, 2019
Start Time      09:54:35
End Time        09:55:01

CSPRO Process Summary

CSPRO Executor Normal End
--------------------------------------------------------------------------------
Application     I:\Dondre\Projects2\Labour force CSPro\LabourForce\Allocation\Allocation.ent
Type            ENTRY
Input Data      <<CSPro DB>> I:\Dondre\Projects2\Labour force CSPro\LabourForce\Data\assignments.csdb

Date            Mar  5, 2019
Start Time      10:11:05
Application     I:\Dondre\Projects2\Labour force CSPro\LabourForce\Allocation\Allocation.ent
Type            ENTRY
Input Data      <<CSPro DB>> I:\Dondre\Projects2\Labour force CSPro\LabourForce\Data\assignments.csdb

Date            Mar  5, 2019
Start Time      10:12:37
End Time        10:13:15

CSPRO Process Summary

User unnumbered messages:

   Line    Freq  Pct.  Message text                                        Denom
   ----    ----  ----  ------------                                        -----
     63       1    -   ED %d was already allocated to %s. Please choose        -

CSPRO Executor Normal End
--------------------------------------------------------------------------------
Application     I:\Dondre\Projects2\Labour force CSPro\LabourForce\Allocation\Allocation.ent
Type            ENTRY
Input Data      <<CSPro DB>> I:\Dondre\Projects2\Labour force CSPro\LabourForce\Data\assignments.csdb

Date            Mar  5, 2019
Start Time      10:15:03
End Time        10:15:32

CSPRO Process Summary

System messages:

 Number    Frequency   Message text
 ------    ---------   ------------
  91166            1   Unable to 'skip to %s' - target-item is located b

User unnumbered messages:

   Line    Freq  Pct.  Message text                                        Denom
   ----    ----  ----  ------------                                        -----
     63       1    -   ED %d was already allocated to %s. Please choose        -

CSPRO Executor Normal End
--------------------------------------------------------------------------------
Application     I:\Dondre\Projects2\Labour force CSPro\LabourForce\Allocation\Allocation.ent
Type            ENTRY
Input Data      <<CSPro DB>> I:\Dondre\Projects2\Labour force CSPro\LabourForce\Data\assignments.csdb

Date            Mar  5, 2019
Start Time      12:16:14
End Time        12:17:09

CSPRO Process Summary

User unnumbered messages:

   Line    Freq  Pct.  Message text                                        Denom
   ----    ----  ----  ------------                                        -----
    105       2    -   ED %d was already allocated to %s. Please choose        -

CSPRO Executor Normal End
--------------------------------------------------------------------------------
Application     I:\Dondre\Projects2\Labour force CSPro\LabourForce\Allocation\Allocation.ent
Type            ENTRY
Input Data      <<CSPro DB>> I:\Dondre\Projects2\Labour force CSPro\LabourForce\Data\assignments.csdb

Date            Mar  5, 2019
Start Time      12:17:13
End Time        12:17:32

CSPRO Process Summary

User unnumbered messages:

   Line    Freq  Pct.  Message text                                        Denom
   ----    ----  ----  ------------                                        -----
    105       2    -   ED %d was already allocated to %s. Please choose        -

CSPRO Executor Normal End
--------------------------------------------------------------------------------
Application     I:\Dondre\Projects2\Labour force CSPro\LabourForce\Allocation\Allocation.ent
Type            ENTRY
Input Data      <<CSPro DB>> I:\Dondre\Projects2\Labour force CSPro\LabourForce\Data\assignments.csdb

Date            Mar  5, 2019
Start Time      13:35:48
End Time        13:36:01

CSPRO Process Summary

CSPRO Executor Normal End
--------------------------------------------------------------------------------
Application     I:\Dondre\Projects2\Labour force CSPro\LabourForce\Allocation\Allocation.ent
Type            ENTRY
Input Data      <<CSPro DB>> I:\Dondre\Projects2\Labour force CSPro\LabourForce\Data\assignments.csdb

Date            Mar  5, 2019
Start Time      13:37:52
Application     I:\Dondre\Projects2\Labour force CSPro\LabourForce\Allocation\Allocation.ent
Type            ENTRY
Input Data      <<CSPro DB>> I:\Dondre\Projects2\Labour force CSPro\LabourForce\Data\assignments.csdb

Date            Mar  5, 2019
Start Time      13:38:47
Application     I:\Dondre\Projects2\Labour force CSPro\LabourForce\Allocation\Allocation.ent
Type            ENTRY
Input Data      <<CSPro DB>> I:\Dondre\Projects2\Labour force CSPro\LabourForce\Data\assignments.csdb

Date            Mar  5, 2019
Start Time      13:39:47
End Time        13:40:21

CSPRO Process Summary

System messages:

 Number    Frequency   Message text
 ------    ---------   ------------
  99990            1   Operator entered a value out of range            

User unnumbered messages:

   Line    Freq  Pct.  Message text                                        Denom
   ----    ----  ----  ------------                                        -----
    105       1    -   ED %d was already allocated to %s. Please choose        -

CSPRO Executor Normal End
--------------------------------------------------------------------------------
Application     I:\Dondre\Projects2\Labour force CSPro\LabourForce\Allocation\Allocation.ent
Type            ENTRY
Input Data      <<CSPro DB>> I:\Dondre\Projects2\Labour force CSPro\LabourForce\Data\assignments.csdb

Date            Mar  5, 2019
Start Time      13:40:25
End Time        13:40:27

CSPRO Process Summary

System messages:

 Number    Frequency   Message text
 ------    ---------   ------------
  99990            1   Operator entered a value out of range            

User unnumbered messages:

   Line    Freq  Pct.  Message text                                        Denom
   ----    ----  ----  ------------                                        -----
    105       1    -   ED %d was already allocated to %s. Please choose        -

CSPRO Executor Normal End
--------------------------------------------------------------------------------
Application     I:\Dondre\Projects2\Labour force CSPro\LabourForce\Allocation\Allocation.ent
Type            ENTRY
Input Data      <<CSPro DB>> I:\Dondre\Projects2\Labour force CSPro\LabourForce\Data\assignments.csdb

Date            Mar  5, 2019
Start Time      13:40:44
End Time        13:40:49

CSPRO Process Summary

CSPRO Executor Normal End
--------------------------------------------------------------------------------
Application     I:\Dondre\Projects2\Labour force CSPro\LabourForce\Allocation\Allocation.ent
Type            ENTRY
Input Data      <<CSPro DB>> I:\Dondre\Projects2\Labour force CSPro\LabourForce\Data\assignments.csdb

Date            Mar  5, 2019
Start Time      14:30:45
End Time        14:30:49

CSPRO Process Summary

CSPRO Executor Normal End
--------------------------------------------------------------------------------
Application     I:\Dondre\Projects2\Labour force CSPro\LabourForce\Allocation\Allocation.ent
Type            ENTRY
Input Data      <<CSPro DB>> I:\Dondre\Projects2\Labour force CSPro\LabourForce\Data\assignments.csdb

Date            Mar  5, 2019
Start Time      14:32:12
End Time        14:32:24

CSPRO Process Summary

CSPRO Executor Normal End
--------------------------------------------------------------------------------
Application     I:\Dondre\Projects2\Labour force CSPro\LabourForce\Allocation\Allocation.ent
Type            ENTRY
Input Data      <<CSPro DB>> I:\Dondre\Projects2\Labour force CSPro\LabourForce\Data\assignments.csdb

Date            Mar  5, 2019
Start Time      14:33:14
End Time        14:33:30

CSPRO Process Summary

CSPRO Executor Normal End
--------------------------------------------------------------------------------
Application     I:\Dondre\Projects2\Labour force CSPro\LabourForce\Allocation\Allocation.ent
Type            ENTRY
Input Data      <<CSPro DB>> I:\Dondre\Projects2\Labour force CSPro\LabourForce\Data\assignments.csdb

Date            Mar  5, 2019
Start Time      14:33:32
End Time        14:33:34

CSPRO Process Summary

CSPRO Executor Normal End
--------------------------------------------------------------------------------
Application     I:\Dondre\Projects2\Labour force CSPro\LabourForce\Allocation\Allocation.ent
Type            ENTRY
Input Data      <<CSPro DB>> I:\Dondre\Projects2\Labour force CSPro\LabourForce\Data\assignments.csdb

Date            Mar  6, 2019
Start Time      15:37:04
End Time        15:37:20

CSPRO Process Summary

CSPRO Executor Normal End
--------------------------------------------------------------------------------
