Application     C:\Users\dondr\OneDrive\Documents\GitHub\LabourForce\Coding\CoderMenu.ent
Type            ENTRY
Input Data      <<Text File>> C:\Users\dondr\OneDrive\Documents\GitHub\LabourForce\Data\codermenu
External        LABOURFORCE_DICT=<<CSPro DB>> C:\Users\dondr\OneDrive\Documents\GitHub\LabourForce\Data\data.csdb
<File>          LOGINFILE=
<File>          PFFFILE=

Date            Nov 29, 2018
Start Time      21:39:50
End Time        21:39:53

CSPRO Process Summary

CSPRO Executor Normal End
--------------------------------------------------------------------------------
Application     C:\Users\dondr\OneDrive\Documents\GitHub\LabourForce\Coding\CoderMenu.ent
Type            ENTRY
Input Data      <<Text File>> C:\Users\dondr\OneDrive\Documents\GitHub\LabourForce\Data\codermenu
External        LABOURFORCE_DICT=<<CSPro DB>> C:\Users\dondr\OneDrive\Documents\GitHub\LabourForce\Data\data.csdb
<File>          LOGINFILE=
<File>          PFFFILE=

Date            Nov 29, 2018
Start Time      21:40:10
End Time        21:40:24

CSPRO Process Summary

User unnumbered messages:

   Line    Freq  Pct.  Message text                                        Denom
   ----    ----  ----  ------------                                        -----
     88       1    -   %s                                                      -
     89       1    -   %s                                                      -

CSPRO Executor Normal End
--------------------------------------------------------------------------------
Application     C:\Users\dondr\OneDrive\Documents\GitHub\LabourForce\Coding\CoderMenu.ent
Type            ENTRY
Input Data      <<Text File>> C:\Users\dondr\OneDrive\Documents\GitHub\LabourForce\Data\codermenu
External        LABOURFORCE_DICT=<<CSPro DB>> C:\Users\dondr\OneDrive\Documents\GitHub\LabourForce\Data\data.csdb
<File>          LOGINFILE=
<File>          PFFFILE=

Date            Nov 29, 2018
Start Time      21:47:15
End Time        21:47:39

CSPRO Process Summary

User unnumbered messages:

   Line    Freq  Pct.  Message text                                        Denom
   ----    ----  ----  ------------                                        -----
     88       1    -   %s                                                      -
     89       1    -   %s                                                      -

CSPRO Executor Normal End
--------------------------------------------------------------------------------
Application     C:\Users\dondr\OneDrive\Documents\GitHub\LabourForce\Coding\CoderMenu.ent
Type            ENTRY
Input Data      <<Text File>> C:\Users\dondr\OneDrive\Documents\GitHub\LabourForce\Data\codermenu
External        LABOURFORCE_DICT=<<CSPro DB>> C:\Users\dondr\OneDrive\Documents\GitHub\LabourForce\Data\data.csdb
<File>          LOGINFILE=
<File>          PFFFILE=

Date            Nov 29, 2018
Start Time      21:49:42
End Time        21:49:54

CSPRO Process Summary

User unnumbered messages:

   Line    Freq  Pct.  Message text                                        Denom
   ----    ----  ----  ------------                                        -----
     88       1    -   %s                                                      -
     89       1    -   %s                                                      -
     93       1    -   File transfer failed                                    -

CSPRO Executor Normal End
--------------------------------------------------------------------------------
